roblox.com
rbxcdn.com
rblx.com
rbx.com
robloxapp.com
robloxgames.com
robloxlabs.com
rbxlabs.com
rbxinfra.net
rbxtrk.com
roblox-api.arkoselabs.com
cdn.arkoselabs.com
d1unuk07s6td74.cloudfront.net
roblox-load-generator-configuration.s3.us-east-2.amazonaws.com
roblox-poc.global.ssl.fastly.net
robloxcorp.s.llnwi.net
roblox.qq.com
roblox.cn
roblox.ca
roblox.cc
roblox.cl
roblox.co.jp
roblox.co.uk
roblox.de
roblox.dk
roblox.eu
roblox.fr
roblox.hu
roblox.it
roblox.jp
roblox.kr
roblox.mx
roblox.net
roblox.org
roblox.ph
roblox.pt
roblox.sk
roblox.tv
roblox.uk
roblox.us
roblox.vn
rbxcdn.xyz
rbxcdn.site
rbxcdn.tech
rbxcdn.one
rbxcdn.today
rbxcdn.world
rbxcdn.services
rbxcdn.work
rbxcdn.space
rbxcdn.online
rbxcdn.store
rbxcdn.fun
rbxcdn.biz
rbxcdn.us
rbxcdn.org
rbxcdn.net
rbxcdn.co
rbxcdn.me
rbxcdn.tv
rbxcdn.cc
rbxcdn.gg
rbxcdn.dev
rbxcdn.io
blox.com
goblocks.com
goblox.com
gooblox.com
ro-blox.com
roadblocks.com
roblocks.com
rowblocks.com
rowblox.com
rblx.co
rblx.org
humancoexperience.com
